C51 COMPILER V9.00   PID                                                                   05/09/2025 20:17:42 PAGE 1   


C51 COMPILER V9.00, COMPILATION OF MODULE PID
OBJECT MODULE PLACED IN .\PID.obj
COMPILER INVOKED BY: D:\KeilC51\C51\BIN\C51.EXE ..\code\PID.c BROWSE INCDIR(..\head) DEBUG OBJECTEXTEND PRINT(.\PID.lst)
                    - OBJECT(.\PID.obj)

line level    source

   1          #include "REGX52.H"
   2          #include "intrins.h"
   3          #include "PID.h"
   4          
   5          static unsigned int display_timer = 0;
   6          
   7          int PWM = 0;                 // 初始化 PWM 值
   8          unsigned int time = 100; // 定义时间间隔 
   9          unsigned int num;
  10          unsigned int num2;
  11          unsigned int rpm = 0;        // 转速（每分钟转数）
  12          unsigned int pulse_count = 0; // 记录脉冲数
  13          #define ENCODER_PULSES 25    // 定义编码器每转的脉冲数
  14          
  15          unsigned char code digit_table[] = {0x3F, 0x06, 0x5B, 0x4F, 0x66, 0x6D, 0x7D, 0x07, 0x7F, 0x6F};
  16          
  17          void delay(uint j)
  18          {
  19   1          for (; j > 0; j--)
  20   1          {
  21   2              _nop_();
  22   2          }
  23   1      }
  24          
  25          void clear()
  26          {
  27   1          P1_0 = 1; P1_1 = 1; P1_2 = 1; P1_3 = 1;
  28   1          delay(time);
  29   1      }
  30          
  31          void display_real(unsigned int num)
  32          {
  33   1          clear();
  34   1          P1_0 = 1; P1_1 = 1; P1_2 = 1; P1_3 = 1;
  35   1          P0 = digit_table[num / 1000];  // 显示千位数字
  36   1          delay(time);
  37   1      
  38   1          clear();
  39   1          P1_0 = 0; P1_1 = 1; P1_2 = 1; P1_3 = 1;
  40   1          P0 = digit_table[(num / 100) % 10];  // 显示百位数字
  41   1          delay(time);
  42   1      
  43   1          clear();
  44   1          P1_0 = 1; P1_1 = 0; P1_2 = 1; P1_3 = 1;
  45   1          P0 = digit_table[(num / 10) % 10];  // 显示十位数字
  46   1          delay(time);
  47   1      
  48   1          clear();
  49   1          P1_0 = 1; P1_1 = 1; P1_2 = 0; P1_3 = 1;
  50   1          P0 = digit_table[num % 10];  // 显示个位数字
  51   1          delay(time);
  52   1      }
  53          
  54          void display_set(unsigned int num2)
C51 COMPILER V9.00   PID                                                                   05/09/2025 20:17:42 PAGE 2   

  55          {
  56   1          clear();
  57   1          P1_4 = 1; P1_5 = 1; P1_6 = 1; P1_7 = 1;
  58   1          P2 = digit_table[num2 / 1000];  // 显示千位数字
  59   1          delay(time);
  60   1      
  61   1          clear();
  62   1          P1_4 = 0; P1_5 = 1; P1_6 = 1; P1_7 = 1;
  63   1          P2 = digit_table[(num2 / 100) % 10];  // 显示百位数字
  64   1          delay(time);
  65   1      
  66   1          clear();
  67   1          P1_4 = 1; P1_5 = 0; P1_6 = 1; P1_7 = 1;
  68   1          P2 = digit_table[(num2 / 10) % 10];  // 显示十位数字
  69   1          delay(time);
  70   1      
  71   1          clear();
  72   1          P1_4 = 1; P1_5 = 1; P1_6 = 0; P1_7 = 1;
  73   1          P2 = digit_table[num2 % 10];  // 显示个位数字
  74   1          delay(time);
  75   1      }
  76          
  77          void Timer0_Init()
  78          {
  79   1          TMOD |= 0x01;  // 定时器0模式1
  80   1          TH0 = 0xFC;    // 初值（1ms定时）
  81   1          TL0 = 0x18;
  82   1          ET0 = 1;       // 使能定时器0中断
  83   1          EA = 1;        // 总中断使能
  84   1          TR0 = 1;       // 启动定时器0
  85   1      }
  86          
  87          void ExternalInterrupt_Init()
  88          {
  89   1          IT0 = 1;  // 下降沿触发
  90   1          EX0 = 1;  // 外部中断0使能
  91   1          EA = 1;   // 总中断使能
  92   1      }
  93          
  94          void Timer0_ISR() interrupt 1
  95          {
  96   1          static unsigned int ms_count = 0;
  97   1          TH0 = 0xFC;    // 重装初值
  98   1          TL0 = 0x18;
  99   1          ms_count++;
 100   1      
 101   1          if (ms_count >= 1000)  // 每秒计算一次转速
 102   1          {
 103   2              rpm = (pulse_count * 60) / ENCODER_PULSES;
 104   2              pulse_count = 0;  // 清零脉冲计数
 105   2              ms_count = 0;
 106   2          }
 107   1      }
 108          
 109          void INT0_ISR() interrupt 0
 110          {
 111   1          pulse_count++;  // 每次外部中断增加脉冲计数
 112   1      }
 113          
 114          void main(void)
 115          {
 116   1          Timer0_Init();            // 初始化定时器
C51 COMPILER V9.00   PID                                                                   05/09/2025 20:17:42 PAGE 3   

 117   1          ExternalInterrupt_Init(); // 初始化外部中断
 118   1          DIR = 0;
 119   1          while (1)
 120   1          {
 121   2              if (!INC){
 122   3                  delay(200);  // 防抖动延时
 123   3                  PWM = PWM > 10 ? PWM - 20 : 0;  // 减少 PWM
 124   3              }
 125   2              if (!DEC){
 126   3                  delay(200);  // 防抖动延时
 127   3                  PWM = PWM < 990 ? PWM + 20 : 1000;  // 增加 PWM
 128   3              }
 129   2              if(PWM <= 10){
 130   3                  OUTPUT = 0;    // PWM 低电平
 131   3              }else{
 132   3                  OUTPUT = 1;    // PWM 高电平
 133   3                  delay(PWM);
 134   3                  OUTPUT = 0;    // PWM 低电平
 135   3                  delay(1000 - PWM);
 136   3              }
 137   2                  display_set(rpm);
 138   2                  display_real(rpm);  // 显示转速
 139   2          }
 140   1      }


MODULE INFORMATION:   STATIC OVERLAYABLE
   CODE SIZE        =    621    ----
   CONSTANT SIZE    =     10    ----
   XDATA SIZE       =   ----    ----
   PDATA SIZE       =   ----    ----
   DATA SIZE        =     16    ----
   IDATA SIZE       =   ----    ----
   BIT SIZE         =   ----    ----
END OF MODULE INFORMATION.


C51 COMPILATION COMPLETE.  0 WARNING(S),  0 ERROR(S)
